---
source: parser/tests/ok.rs
description: ok_011_call_stmt
---
PROGRAM@0..30
  EXPR_STMT@0..10
    CALL_EXPR@0..9
      LOCAL_VAR@0..7
        IDENT@0..7 "println"
      ARG_LIST@7..9
        OPENPAREN@7..8 "("
        CLOSEPAREN@8..9 ")"
    WHITESPACE@9..10 "\n"
  EXPR_STMT@10..15
    CALL_EXPR@10..14
      LOCAL_VAR@10..11
        IDENT@10..11 "f"
      ARG_LIST@11..14
        OPENPAREN@11..12 "("
        LOCAL_VAR@12..13
          IDENT@12..13 "a"
        CLOSEPAREN@13..14 ")"
    WHITESPACE@14..15 "\n"
  EXPR_STMT@15..30
    CALL_EXPR@15..29
      FIELD_EXPR@15..18
        LOCAL_VAR@15..16
          IDENT@15..16 "a"
        DOT@16..17 "."
        NAME@17..18
          IDENT@17..18 "f"
      ARG_LIST@18..29
        OPENPAREN@18..19 "("
        LITERAL@19..23
          TRUE@19..23 "true"
        COMMA@23..24 ","
        WHITESPACE@24..25 " "
        LITERAL@25..28
          NIL@25..28 "nil"
        CLOSEPAREN@28..29 ")"
    WHITESPACE@29..30 "\n"
