---
source: parser/tests/ok.rs
description: ok_008_return_stmt
---
PROGRAM@0..23
  RETURN_STMT@0..7
    RETURN_KW@0..6 "return"
    WHITESPACE@6..7 "\n"
  RETURN_STMT@7..16
    RETURN_KW@7..13 "return"
    WHITESPACE@13..14 " "
    LITERAL@14..15
      INT@14..15 "1"
    WHITESPACE@15..16 "\n"
  RETURN_STMT@16..23
    RETURN_KW@16..22 "return"
    WHITESPACE@22..23 "\n"
